{
  "environmentKey": "",
  "sdkKey": "",
  "revision": "242",
  "experimentsMap": {
    "ab_running_exp_single_exact_match_string_typedaudience": {
      "id": "10390977674",
      "key": "ab_running_exp_single_exact_match_string_typedaudience",
      "audiences": "",
      "variationsMap": {
        "all_traffic_variation": {
          "id": "10416523121",
          "key": "all_traffic_variation",
          "featureEnabled": false,
          "variablesMap": {
            "b_true": {
              "id": "26874700961",
              "key": "b_true",
              "type": "boolean",
              "value": "true"
            },
            "d_4_2": {
              "id": "26874700951",
              "key": "d_4_2",
              "type": "double",
              "value": "42.2"
            },
            "i_42": {
              "id": "26874700941",
              "key": "i_42",
              "type": "integer",
              "value": "42"
            },
            "s_foo": {
              "id": "26874700971",
              "key": "s_foo",
              "type": "string",
              "value": "foo"
            }
          }
        }
      }
    },
    "ab_running_exp_single_exact_match_string_untypedaudience": {
      "id": "10390977673",
      "key": "ab_running_exp_single_exact_match_string_untypedaudience",
      "audiences": "",
      "variationsMap": {
        "all_traffic_variation": {
          "id": "10416523121",
          "key": "all_traffic_variation",
          "featureEnabled": false,
          "variablesMap": {
            "b_true": {
              "id": "26874700961",
              "key": "b_true",
              "type": "boolean",
              "value": "true"
            },
            "d_4_2": {
              "id": "26874700951",
              "key": "d_4_2",
              "type": "double",
              "value": "42.2"
            },
            "i_42": {
              "id": "26874700941",
              "key": "i_42",
              "type": "integer",
              "value": "42"
            },
            "s_foo": {
              "id": "26874700971",
              "key": "s_foo",
              "type": "string",
              "value": "foo"
            }
          }
        }
      }
    }
  },
  "featuresMap": {
    "ab_running_exp_single_exact_match_string_typedaudience": {
      "id": "1000000017",
      "key": "ab_running_exp_single_exact_match_string_typedaudience",
      "experimentRules": [
        {
          "id": "10390977674",
          "key": "ab_running_exp_single_exact_match_string_typedaudience",
          "audiences": "",
          "variationsMap": {
            "all_traffic_variation": {
              "id": "10416523121",
              "key": "all_traffic_variation",
              "featureEnabled": false,
              "variablesMap": {
                "b_true": {
                  "id": "26874700961",
                  "key": "b_true",
                  "type": "boolean",
                  "value": "true"
                },
                "d_4_2": {
                  "id": "26874700951",
                  "key": "d_4_2",
                  "type": "double",
                  "value": "42.2"
                },
                "i_42": {
                  "id": "26874700941",
                  "key": "i_42",
                  "type": "integer",
                  "value": "42"
                },
                "s_foo": {
                  "id": "26874700971",
                  "key": "s_foo",
                  "type": "string",
                  "value": "foo"
                }
              }
            }
          }
        }
      ],
      "deliveryRules": [],
      "variablesMap": {
        "b_true": {
          "id": "26874700961",
          "key": "b_true",
          "type": "boolean",
          "value": "true"
        },
        "d_4_2": {
          "id": "26874700951",
          "key": "d_4_2",
          "type": "double",
          "value": "42.2"
        },
        "i_42": {
          "id": "26874700941",
          "key": "i_42",
          "type": "integer",
          "value": "42"
        },
        "s_foo": {
          "id": "26874700971",
          "key": "s_foo",
          "type": "string",
          "value": "foo"
        }
      },
      "experimentsMap": {
        "ab_running_exp_single_exact_match_string_typedaudience": {
          "id": "10390977674",
          "key": "ab_running_exp_single_exact_match_string_typedaudience",
          "audiences": "",
          "variationsMap": {
            "all_traffic_variation": {
              "id": "10416523121",
              "key": "all_traffic_variation",
              "featureEnabled": false,
              "variablesMap": {
                "b_true": {
                  "id": "26874700961",
                  "key": "b_true",
                  "type": "boolean",
                  "value": "true"
                },
                "d_4_2": {
                  "id": "26874700951",
                  "key": "d_4_2",
                  "type": "double",
                  "value": "42.2"
                },
                "i_42": {
                  "id": "26874700941",
                  "key": "i_42",
                  "type": "integer",
                  "value": "42"
                },
                "s_foo": {
                  "id": "26874700971",
                  "key": "s_foo",
                  "type": "string",
                  "value": "foo"
                }
              }
            }
          }
        }
      }
    },
    "ab_running_exp_single_exact_match_string_untypedaudience": {
      "id": "1000000016",
      "key": "ab_running_exp_single_exact_match_string_untypedaudience",
      "experimentRules": [
        {
          "id": "10390977673",
          "key": "ab_running_exp_single_exact_match_string_untypedaudience",
          "audiences": "",
          "variationsMap": {
            "all_traffic_variation": {
              "id": "10416523121",
              "key": "all_traffic_variation",
              "featureEnabled": false,
              "variablesMap": {
                "b_true": {
                  "id": "26874700961",
                  "key": "b_true",
                  "type": "boolean",
                  "value": "true"
                },
                "d_4_2": {
                  "id": "26874700951",
                  "key": "d_4_2",
                  "type": "double",
                  "value": "42.2"
                },
                "i_42": {
                  "id": "26874700941",
                  "key": "i_42",
                  "type": "integer",
                  "value": "42"
                },
                "s_foo": {
                  "id": "26874700971",
                  "key": "s_foo",
                  "type": "string",
                  "value": "foo"
                }
              }
            }
          }
        }
      ],
      "deliveryRules": [],
      "variablesMap": {
        "b_true": {
          "id": "26874700961",
          "key": "b_true",
          "type": "boolean",
          "value": "true"
        },
        "d_4_2": {
          "id": "26874700951",
          "key": "d_4_2",
          "type": "double",
          "value": "42.2"
        },
        "i_42": {
          "id": "26874700941",
          "key": "i_42",
          "type": "integer",
          "value": "42"
        },
        "s_foo": {
          "id": "26874700971",
          "key": "s_foo",
          "type": "string",
          "value": "foo"
        }
      },
      "experimentsMap": {
        "ab_running_exp_single_exact_match_string_untypedaudience": {
          "id": "10390977673",
          "key": "ab_running_exp_single_exact_match_string_untypedaudience",
          "audiences": "",
          "variationsMap": {
            "all_traffic_variation": {
              "id": "10416523121",
              "key": "all_traffic_variation",
              "featureEnabled": false,
              "variablesMap": {
                "b_true": {
                  "id": "26874700961",
                  "key": "b_true",
                  "type": "boolean",
                  "value": "true"
                },
                "d_4_2": {
                  "id": "26874700951",
                  "key": "d_4_2",
                  "type": "double",
                  "value": "42.2"
                },
                "i_42": {
                  "id": "26874700941",
                  "key": "i_42",
                  "type": "integer",
                  "value": "42"
                },
                "s_foo": {
                  "id": "26874700971",
                  "key": "s_foo",
                  "type": "string",
                  "value": "foo"
                }
              }
            }
          }
        }
      }
    }
  },
  "attributes": [
    { "id": "10401066170", "key": "string_attribute" },
    { "id": "10401066171", "key": "s_foo" }
  ],
  "audiences": [
    {
      "id": "20413101794",
      "name": "single_condition_leaf_root",
      "conditions": "{\"match\":\"exact\",\"name\":\"s_foo\",\"type\":\"custom_attribute\",\"value\":\"leaf_root\"}"
    },
    {
      "id": "10413101794",
      "name": "untyped_single_condition_exact_string_match",
      "conditions": "[\"and\", [\"or\", [\"or\", {\"type\": \"custom_attribute\", \"name\": \"string_attribute\", \"value\": \"exact_match\"}]]]"
    }
  ],
  "events": [
    {
      "id": "10404198135",
      "key": "event_single_targeted_exp",
      "experimentIds": ["10390977673"]
    },
    {
      "id": "10404198136",
      "key": "event_single_untargeted_exp",
      "experimentIds": ["10390977674"]
    }
  ]
}
